Microsoft Windows [Version 10.0.19042.1348]
(c) Microsoft Corporation. All rights reserved.

C:\Users\Elizabeth Shi>ssh production@40.121.194.105
ssh: connect to host 40.121.194.105 port 22: Connection timed out

C:\Users\Elizabeth Shi>
C:\Users\Elizabeth Shi>ssh production@40.121.198.137
The authenticity of host '40.121.198.137 (40.121.198.137)' can't be established.
ECDSA key fingerprint is SHA256:W/4lcWl6k1RAC+V+T4vzz7jEQ6UUHLQY8TNFw5bVp0E.
Are you sure you want to continue connecting (yes/no/[fingerprint])? yes
Warning: Permanently added '40.121.198.137' (ECDSA) to the list of known hosts.
production@40.121.198.137's password:
Welcome to Ubuntu 18.04.6 LTS (GNU/Linux 5.4.0-1064-azure x86_64)

 * Documentation:  https://help.ubuntu.com
 * Management:     https://landscape.canonical.com
 * Support:        https://ubuntu.com/advantage

  System information as of Thu Dec 16 21:11:42 UTC 2021

  System load:  0.16              Processes:           99
  Usage of /:   4.7% of 28.90GB   Users logged in:     0
  Memory usage: 20%               IP address for eth0: 10.1.0.4
  Swap usage:   0%

0 updates can be applied immediately.



The programs included with the Ubuntu system are free software;
the exact distribution terms for each program are described in the
individual files in /usr/share/doc/*/copyright.

Ubuntu comes with ABSOLUTELY NO WARRANTY, to the extent permitted by
applicable law.

To run a command as administrator (user "root"), use "sudo <command>".
See "man sudo_root" for details.

production@production:~$ sudo apt-get update
Get:1 http://security.ubuntu.com/ubuntu bionic-security InRelease [88.7 kB]
Hit:2 http://archive.ubuntu.com/ubuntu bionic InRelease
Get:3 http://archive.ubuntu.com/ubuntu bionic-updates InRelease [88.7 kB]
Get:4 http://archive.ubuntu.com/ubuntu bionic-backports InRelease [74.6 kB]
Get:5 http://security.ubuntu.com/ubuntu bionic-security/main amd64 Packages [1982 kB]
Get:6 http://archive.ubuntu.com/ubuntu bionic/universe amd64 Packages [8570 kB]
Get:7 http://security.ubuntu.com/ubuntu bionic-security/main Translation-en [355 kB]
Get:8 http://security.ubuntu.com/ubuntu bionic-security/restricted amd64 Packages [535 kB]
Get:9 http://security.ubuntu.com/ubuntu bionic-security/restricted Translation-en [72.4 kB]
Get:10 http://security.ubuntu.com/ubuntu bionic-security/universe amd64 Packages [1158 kB]
Get:11 http://security.ubuntu.com/ubuntu bionic-security/universe Translation-en [266 kB]
Get:12 http://security.ubuntu.com/ubuntu bionic-security/multiverse amd64 Packages [20.9 kB]
Get:13 http://security.ubuntu.com/ubuntu bionic-security/multiverse Translation-en [4732 B]
Get:14 http://archive.ubuntu.com/ubuntu bionic/universe Translation-en [4941 kB]
Get:15 http://archive.ubuntu.com/ubuntu bionic/multiverse amd64 Packages [151 kB]
Get:16 http://archive.ubuntu.com/ubuntu bionic/multiverse Translation-en [108 kB]
Get:17 http://archive.ubuntu.com/ubuntu bionic-updates/main amd64 Packages [2329 kB]
Get:18 http://archive.ubuntu.com/ubuntu bionic-updates/restricted amd64 Packages [559 kB]
Get:19 http://archive.ubuntu.com/ubuntu bionic-updates/universe amd64 Packages [1772 kB]
Get:20 http://archive.ubuntu.com/ubuntu bionic-updates/universe Translation-en [384 kB]
Get:21 http://archive.ubuntu.com/ubuntu bionic-updates/multiverse amd64 Packages [27.3 kB]
Get:22 http://archive.ubuntu.com/ubuntu bionic-updates/multiverse Translation-en [6808 B]
Get:23 http://archive.ubuntu.com/ubuntu bionic-backports/main amd64 Packages [10.3 kB]
Get:24 http://archive.ubuntu.com/ubuntu bionic-backports/main Translation-en [4824 B]
Get:25 http://archive.ubuntu.com/ubuntu bionic-backports/universe amd64 Packages [11.3 kB]
Get:26 http://archive.ubuntu.com/ubuntu bionic-backports/universe Translation-en [5772 B]
Fetched 23.5 MB in 8s (2830 kB/s)
Reading package lists... Done
production@production:~$ sudo apt install mysql-server mysql-client
Reading package lists... Done
Building dependency tree
Reading state information... Done
The following package was automatically installed and is no longer required:
  linux-headers-4.15.0-163
Use 'sudo apt autoremove' to remove it.
The following additional packages will be installed:
  libaio1 libcgi-fast-perl libcgi-pm-perl libencode-locale-perl libevent-core-2.1-6 libfcgi-perl libhtml-parser-perl
  libhtml-tagset-perl libhtml-template-perl libhttp-date-perl libhttp-message-perl libio-html-perl
  liblwp-mediatypes-perl libtimedate-perl liburi-perl mysql-client-5.7 mysql-client-core-5.7 mysql-common
  mysql-server-5.7 mysql-server-core-5.7
Suggested packages:
  libdata-dump-perl libipc-sharedcache-perl libwww-perl mailx tinyca
The following NEW packages will be installed:
  libaio1 libcgi-fast-perl libcgi-pm-perl libencode-locale-perl libevent-core-2.1-6 libfcgi-perl libhtml-parser-perl
  libhtml-tagset-perl libhtml-template-perl libhttp-date-perl libhttp-message-perl libio-html-perl
  liblwp-mediatypes-perl libtimedate-perl liburi-perl mysql-client mysql-client-5.7 mysql-client-core-5.7 mysql-common
  mysql-server mysql-server-5.7 mysql-server-core-5.7
0 upgraded, 22 newly installed, 0 to remove and 18 not upgraded.
Need to get 19.7 MB of archives.
After this operation, 156 MB of additional disk space will be used.
Do you want to continue? [Y/n] y
Get:1 http://archive.ubuntu.com/ubuntu bionic/main amd64 mysql-common all 5.8+1.0.4 [7308 B]
Get:2 http://archive.ubuntu.com/ubuntu bionic-updates/main amd64 libaio1 amd64 0.3.110-5ubuntu0.1 [6476 B]
Get:3 http://archive.ubuntu.com/ubuntu bionic-updates/main amd64 mysql-client-core-5.7 amd64 5.7.36-0ubuntu0.18.04.1 [6638 kB]
Get:4 http://archive.ubuntu.com/ubuntu bionic-updates/main amd64 mysql-client-5.7 amd64 5.7.36-0ubuntu0.18.04.1 [1942 kB]
Get:5 http://archive.ubuntu.com/ubuntu bionic-updates/main amd64 mysql-server-core-5.7 amd64 5.7.36-0ubuntu0.18.04.1 [7426 kB]
Get:6 http://archive.ubuntu.com/ubuntu bionic/main amd64 libevent-core-2.1-6 amd64 2.1.8-stable-4build1 [85.9 kB]
Get:7 http://archive.ubuntu.com/ubuntu bionic-updates/main amd64 mysql-server-5.7 amd64 5.7.36-0ubuntu0.18.04.1 [2906 kB]
Get:8 http://archive.ubuntu.com/ubuntu bionic/main amd64 libhtml-tagset-perl all 3.20-3 [12.1 kB]
Get:9 http://archive.ubuntu.com/ubuntu bionic/main amd64 liburi-perl all 1.73-1 [77.2 kB]
Get:10 http://archive.ubuntu.com/ubuntu bionic/main amd64 libhtml-parser-perl amd64 3.72-3build1 [85.9 kB]
Get:11 http://archive.ubuntu.com/ubuntu bionic/main amd64 libcgi-pm-perl all 4.38-1 [185 kB]
Get:12 http://archive.ubuntu.com/ubuntu bionic/main amd64 libfcgi-perl amd64 0.78-2build1 [32.8 kB]
Get:13 http://archive.ubuntu.com/ubuntu bionic/main amd64 libcgi-fast-perl all 1:2.13-1 [9940 B]
Get:14 http://archive.ubuntu.com/ubuntu bionic/main amd64 libencode-locale-perl all 1.05-1 [12.3 kB]
Get:15 http://archive.ubuntu.com/ubuntu bionic/main amd64 libhtml-template-perl all 2.97-1 [59.0 kB]
Get:16 http://archive.ubuntu.com/ubuntu bionic/main amd64 libtimedate-perl all 2.3000-2 [37.5 kB]
Get:17 http://archive.ubuntu.com/ubuntu bionic/main amd64 libhttp-date-perl all 6.02-1 [10.4 kB]
Get:18 http://archive.ubuntu.com/ubuntu bionic/main amd64 libio-html-perl all 1.001-1 [14.9 kB]
Get:19 http://archive.ubuntu.com/ubuntu bionic/main amd64 liblwp-mediatypes-perl all 6.02-1 [21.7 kB]
Get:20 http://archive.ubuntu.com/ubuntu bionic/main amd64 libhttp-message-perl all 6.14-1 [72.1 kB]
Get:21 http://archive.ubuntu.com/ubuntu bionic-updates/main amd64 mysql-client all 5.7.36-0ubuntu0.18.04.1 [9824 B]
Get:22 http://archive.ubuntu.com/ubuntu bionic-updates/main amd64 mysql-server all 5.7.36-0ubuntu0.18.04.1 [9944 B]
Fetched 19.7 MB in 1s (13.8 MB/s)
Preconfiguring packages ...
Selecting previously unselected package mysql-common.
(Reading database ... 76990 files and directories currently installed.)
Preparing to unpack .../0-mysql-common_5.8+1.0.4_all.deb ...
Unpacking mysql-common (5.8+1.0.4) ...
Selecting previously unselected package libaio1:amd64.
Preparing to unpack .../1-libaio1_0.3.110-5ubuntu0.1_amd64.deb ...
Unpacking libaio1:amd64 (0.3.110-5ubuntu0.1) ...
Selecting previously unselected package mysql-client-core-5.7.
Preparing to unpack .../2-mysql-client-core-5.7_5.7.36-0ubuntu0.18.04.1_amd64.deb ...
Unpacking mysql-client-core-5.7 (5.7.36-0ubuntu0.18.04.1) ...
Selecting previously unselected package mysql-client-5.7.
Preparing to unpack .../3-mysql-client-5.7_5.7.36-0ubuntu0.18.04.1_amd64.deb ...
Unpacking mysql-client-5.7 (5.7.36-0ubuntu0.18.04.1) ...
Selecting previously unselected package mysql-server-core-5.7.
Preparing to unpack .../4-mysql-server-core-5.7_5.7.36-0ubuntu0.18.04.1_amd64.deb ...
Unpacking mysql-server-core-5.7 (5.7.36-0ubuntu0.18.04.1) ...
Selecting previously unselected package libevent-core-2.1-6:amd64.
Preparing to unpack .../5-libevent-core-2.1-6_2.1.8-stable-4build1_amd64.deb ...
Unpacking libevent-core-2.1-6:amd64 (2.1.8-stable-4build1) ...
Setting up mysql-common (5.8+1.0.4) ...
update-alternatives: using /etc/mysql/my.cnf.fallback to provide /etc/mysql/my.cnf (my.cnf) in auto mode
Selecting previously unselected package mysql-server-5.7.
(Reading database ... 77158 files and directories currently installed.)
Preparing to unpack .../00-mysql-server-5.7_5.7.36-0ubuntu0.18.04.1_amd64.deb ...
Unpacking mysql-server-5.7 (5.7.36-0ubuntu0.18.04.1) ...
Selecting previously unselected package libhtml-tagset-perl.
Preparing to unpack .../01-libhtml-tagset-perl_3.20-3_all.deb ...
Unpacking libhtml-tagset-perl (3.20-3) ...
Selecting previously unselected package liburi-perl.
Preparing to unpack .../02-liburi-perl_1.73-1_all.deb ...
Unpacking liburi-perl (1.73-1) ...
Selecting previously unselected package libhtml-parser-perl.
Preparing to unpack .../03-libhtml-parser-perl_3.72-3build1_amd64.deb ...
Unpacking libhtml-parser-perl (3.72-3build1) ...
Selecting previously unselected package libcgi-pm-perl.
Preparing to unpack .../04-libcgi-pm-perl_4.38-1_all.deb ...
Unpacking libcgi-pm-perl (4.38-1) ...
Selecting previously unselected package libfcgi-perl.
Preparing to unpack .../05-libfcgi-perl_0.78-2build1_amd64.deb ...
Unpacking libfcgi-perl (0.78-2build1) ...
Selecting previously unselected package libcgi-fast-perl.
Preparing to unpack .../06-libcgi-fast-perl_1%3a2.13-1_all.deb ...
Unpacking libcgi-fast-perl (1:2.13-1) ...
Selecting previously unselected package libencode-locale-perl.
Preparing to unpack .../07-libencode-locale-perl_1.05-1_all.deb ...
Unpacking libencode-locale-perl (1.05-1) ...
Selecting previously unselected package libhtml-template-perl.
Preparing to unpack .../08-libhtml-template-perl_2.97-1_all.deb ...
Unpacking libhtml-template-perl (2.97-1) ...
Selecting previously unselected package libtimedate-perl.
Preparing to unpack .../09-libtimedate-perl_2.3000-2_all.deb ...
Unpacking libtimedate-perl (2.3000-2) ...
Selecting previously unselected package libhttp-date-perl.
Preparing to unpack .../10-libhttp-date-perl_6.02-1_all.deb ...
Unpacking libhttp-date-perl (6.02-1) ...
Selecting previously unselected package libio-html-perl.
Preparing to unpack .../11-libio-html-perl_1.001-1_all.deb ...
Unpacking libio-html-perl (1.001-1) ...
Selecting previously unselected package liblwp-mediatypes-perl.
Preparing to unpack .../12-liblwp-mediatypes-perl_6.02-1_all.deb ...
Unpacking liblwp-mediatypes-perl (6.02-1) ...
Selecting previously unselected package libhttp-message-perl.
Preparing to unpack .../13-libhttp-message-perl_6.14-1_all.deb ...
Unpacking libhttp-message-perl (6.14-1) ...
Selecting previously unselected package mysql-client.
Preparing to unpack .../14-mysql-client_5.7.36-0ubuntu0.18.04.1_all.deb ...
Unpacking mysql-client (5.7.36-0ubuntu0.18.04.1) ...
Selecting previously unselected package mysql-server.
Preparing to unpack .../15-mysql-server_5.7.36-0ubuntu0.18.04.1_all.deb ...
Unpacking mysql-server (5.7.36-0ubuntu0.18.04.1) ...
Setting up libhtml-tagset-perl (3.20-3) ...
Setting up libevent-core-2.1-6:amd64 (2.1.8-stable-4build1) ...
Setting up libencode-locale-perl (1.05-1) ...
Setting up libtimedate-perl (2.3000-2) ...
Setting up libio-html-perl (1.001-1) ...
Setting up liblwp-mediatypes-perl (6.02-1) ...
Setting up libaio1:amd64 (0.3.110-5ubuntu0.1) ...
Setting up liburi-perl (1.73-1) ...
Setting up libhtml-parser-perl (3.72-3build1) ...
Setting up libcgi-pm-perl (4.38-1) ...
Setting up mysql-client-core-5.7 (5.7.36-0ubuntu0.18.04.1) ...
Setting up libfcgi-perl (0.78-2build1) ...
Setting up libhttp-date-perl (6.02-1) ...
Setting up libhtml-template-perl (2.97-1) ...
Setting up mysql-server-core-5.7 (5.7.36-0ubuntu0.18.04.1) ...
Setting up libcgi-fast-perl (1:2.13-1) ...
Setting up libhttp-message-perl (6.14-1) ...
Setting up mysql-client-5.7 (5.7.36-0ubuntu0.18.04.1) ...
Setting up mysql-client (5.7.36-0ubuntu0.18.04.1) ...
Setting up mysql-server-5.7 (5.7.36-0ubuntu0.18.04.1) ...
update-alternatives: using /etc/mysql/mysql.cnf to provide /etc/mysql/my.cnf (my.cnf) in auto mode
Renaming removed key_buffer and myisam-recover options (if present)
Created symlink /etc/systemd/system/multi-user.target.wants/mysql.service → /lib/systemd/system/mysql.service.
Setting up mysql-server (5.7.36-0ubuntu0.18.04.1) ...
Processing triggers for libc-bin (2.27-3ubuntu1.4) ...
Processing triggers for systemd (237-3ubuntu10.52) ...
Processing triggers for man-db (2.8.3-2ubuntu0.1) ...
Processing triggers for ureadahead (0.100.0-21) ...
production@production:~$ sudo mysql
Welcome to the MySQL monitor.  Commands end with ; or \g.
Your MySQL connection id is 2
Server version: 5.7.36-0ubuntu0.18.04.1 (Ubuntu)

Copyright (c) 2000, 2021, Oracle and/or its affiliates.

Oracle is a registered trademark of Oracle Corporation and/or its
affiliates. Other names may be trademarks of their respective
owners.

Type 'help;' or '\h' for help. Type '\c' to clear the current input statement.

mysql> CREATE USER 'dba'@'%' IDENTIFIED BY 'ahi2021';
Query OK, 0 rows affected (0.01 sec)

mysql> select user from mysql.user;
+------------------+
| user             |
+------------------+
| dba              |
| debian-sys-maint |
| mysql.session    |
| mysql.sys        |
| root             |
+------------------+
5 rows in set (0.00 sec)

mysql> GRANT ALL PRIVILEGES ON *.* to 'dba'@'%' WITH GRANT OPTION;
Query OK, 0 rows affected (0.01 sec)

mysql> show grants for dba;
+------------------------------------------------------------+
| Grants for dba@%                                           |
+------------------------------------------------------------+
| GRANT ALL PRIVILEGES ON *.* TO 'dba'@'%' WITH GRANT OPTION |
+------------------------------------------------------------+
1 row in set (0.00 sec)

mysql> exit;
Bye
production@production:~$ mysql -u dba -p
Enter password:
Welcome to the MySQL monitor.  Commands end with ; or \g.
Your MySQL connection id is 3
Server version: 5.7.36-0ubuntu0.18.04.1 (Ubuntu)

Copyright (c) 2000, 2021, Oracle and/or its affiliates.

Oracle is a registered trademark of Oracle Corporation and/or its
affiliates. Other names may be trademarks of their respective
owners.

Type 'help;' or '\h' for help. Type '\c' to clear the current input statement.

mysql> create database tempdata;
Query OK, 1 row affected (0.00 sec)

mysql> show databases;
+--------------------+
| Database           |
+--------------------+
| information_schema |
| mysql              |
| performance_schema |
| sys                |
| tempdata           |
+--------------------+
5 rows in set (0.00 sec)

mysql> exit;
Bye
production@production:~$ sudo nano /etc/ mysql/mysql.conf.d/mysqld.cnf
production@production:~$ production@production:~$
production@production:~$ sudo nano /etc/mysql/mysql.conf.d/mysqld.cnf
production@production:~$ /etc/init.d/mysql restart
[....] Restarting mysql (via systemctl): mysql.service==== AUTHENTICATING FOR org.freedesktop.systemd1.manage-units ===
Authentication is required to restart 'mysql.service'.
Authenticating as: Ubuntu (production)
Password:
==== AUTHENTICATION COMPLETE ===
. ok
production@production:~$ sudo mysql
Welcome to the MySQL monitor.  Commands end with ; or \g.
Your MySQL connection id is 3
Server version: 5.7.36-0ubuntu0.18.04.1 (Ubuntu)

Copyright (c) 2000, 2021, Oracle and/or its affiliates.

Oracle is a registered trademark of Oracle Corporation and/or its
affiliates. Other names may be trademarks of their respective
owners.

Type 'help;' or '\h' for help. Type '\c' to clear the current input statement.

mysql> show databases;
+--------------------+
| Database           |
+--------------------+
| information_schema |
| mysql              |
| performance_schema |
| sys                |
| tempdata           |
+--------------------+
5 rows in set (0.00 sec)

mysql> show tables;
ERROR 1046 (3D000): No database selected
mysql> use tempdata;
Reading table information for completion of table and column names
You can turn off this feature to get a quicker startup with -A

Database changed
mysql> show tables;
+--------------------+
| Tables_in_tempdata |
+--------------------+
| flu_vaccines       |
+--------------------+
1 row in set (0.00 sec)

mysql> exit;
Bye
production@production:~$ sudo mysqldump --opt dba > dba.sql
mysqldump: Got error: 1049: Unknown database 'dba' when selecting the database
production@production:~$ show master status;

Command 'show' not found, but can be installed with:

sudo apt install mailutils-mh
sudo apt install mmh
sudo apt install nmh

production@production:~$ sudo mysql
Welcome to the MySQL monitor.  Commands end with ; or \g.
Your MySQL connection id is 5
Server version: 5.7.36-0ubuntu0.18.04.1 (Ubuntu)

Copyright (c) 2000, 2021, Oracle and/or its affiliates.

Oracle is a registered trademark of Oracle Corporation and/or its
affiliates. Other names may be trademarks of their respective
owners.

Type 'help;' or '\h' for help. Type '\c' to clear the current input statement.

mysql> show master status;
Empty set (0.00 sec)

mysql> sudo nano/etc/mysql/mysql.conf.d/mysqld.cnf
    -> exit;
ERROR 1064 (42000): You have an error in your SQL syntax; check the manual that corresponds to your MySQL server version for the right syntax to use near 'sudo nano/etc/mysql/mysql.conf.d/mysqld.cnf
exit' at line 1
mysql> exit;
Bye
production@production:~$ sudo nano/etc/mysql.conf.d/mysqld.cnf
sudo: nano/etc/mysql.conf.d/mysqld.cnf: command not found
production@production:~$ sudo nano /etc/mysql/mysql.conf.d/mysqld.cnf
production@production:~$ production@production:~$ sudo service mysql restart
production@production:~$ sudo mysql
Welcome to the MySQL monitor.  Commands end with ; or \g.
Your MySQL connection id is 2
Server version: 5.7.36-0ubuntu0.18.04.1-log (Ubuntu)

Copyright (c) 2000, 2021, Oracle and/or its affiliates.

Oracle is a registered trademark of Oracle Corporation and/or its
affiliates. Other names may be trademarks of their respective
owners.

Type 'help;' or '\h' for help. Type '\c' to clear the current input statement.

mysql> use dba;
ERROR 1049 (42000): Unknown database 'dba'
mysql> show databases;
+--------------------+
| Database           |
+--------------------+
| information_schema |
| mysql              |
| performance_schema |
| sys                |
| tempdata           |
+--------------------+
5 rows in set (0.01 sec)

mysql> create database dba;
Query OK, 1 row affected (0.03 sec)

mysql> show master status;
+------------------+----------+--------------+------------------+-------------------+
| File             | Position | Binlog_Do_DB | Binlog_Ignore_DB | Executed_Gtid_Set |
+------------------+----------+--------------+------------------+-------------------+
| mysql-bin.000001 |      310 | dba          |                  |                   |
+------------------+----------+--------------+------------------+-------------------+
1 row in set (0.00 sec)

mysql> exit;
Bye
production@production:~$ sudo nano /etc/mysql/mysql.conf.d/mysqld.cnf
production@production:~$ sudo mysql
Welcome to the MySQL monitor.  Commands end with ; or \g.
Your MySQL connection id is 3
Server version: 5.7.36-0ubuntu0.18.04.1-log (Ubuntu)

Copyright (c) 2000, 2021, Oracle and/or its affiliates.

Oracle is a registered trademark of Oracle Corporation and/or its
affiliates. Other names may be trademarks of their respective
owners.

Type 'help;' or '\h' for help. Type '\c' to clear the current input statement.

mysql> exit;
Bye
production@production:~$ sudo service mysql restart
production@production:~$ sudo mysql
Welcome to the MySQL monitor.  Commands end with ; or \g.
Your MySQL connection id is 2
Server version: 5.7.36-0ubuntu0.18.04.1-log (Ubuntu)

Copyright (c) 2000, 2021, Oracle and/or its affiliates.

Oracle is a registered trademark of Oracle Corporation and/or its
affiliates. Other names may be trademarks of their respective
owners.

Type 'help;' or '\h' for help. Type '\c' to clear the current input statement.

mysql> show master status;
+------------------+----------+--------------+------------------+-------------------+
| File             | Position | Binlog_Do_DB | Binlog_Ignore_DB | Executed_Gtid_Set |
+------------------+----------+--------------+------------------+-------------------+
| mysql-bin.000002 |      154 | tempdata     |                  |                   |
+------------------+----------+--------------+------------------+-------------------+
1 row in set (0.00 sec)

mysql> use tempdata;
Reading table information for completion of table and column names
You can turn off this feature to get a quicker startup with -A

Database changed
mysql> show tables;
+--------------------+
| Tables_in_tempdata |
+--------------------+
| flu_vaccines       |
+--------------------+
1 row in set (0.00 sec)

mysql> flush table with read lock;
Query OK, 0 rows affected (0.00 sec)

mysql> show master status;
+------------------+----------+--------------+------------------+-------------------+
| File             | Position | Binlog_Do_DB | Binlog_Ignore_DB | Executed_Gtid_Set |
+------------------+----------+--------------+------------------+-------------------+
| mysql-bin.000002 |      154 | tempdata     |                  |                   |
+------------------+----------+--------------+------------------+-------------------+
1 row in set (0.00 sec)

mysql> exit;
Bye
production@production:~$ sudo mysqldump --opt tempdata > tempdata.sql
production@production:~$ ls
dba.sql  tempdata.sql
production@production:~$ sudo mysql
Welcome to the MySQL monitor.  Commands end with ; or \g.
Your MySQL connection id is 4
Server version: 5.7.36-0ubuntu0.18.04.1-log (Ubuntu)

Copyright (c) 2000, 2021, Oracle and/or its affiliates.

Oracle is a registered trademark of Oracle Corporation and/or its
affiliates. Other names may be trademarks of their respective
owners.

Type 'help;' or '\h' for help. Type '\c' to clear the current input statement.

mysql> unlock tables;
Query OK, 0 rows affected (0.00 sec)

mysql> exit;
Bye
production@production:~$ scp tempdata.sql replica@52.191.194.105:/home/replica
The authenticity of host '52.191.194.105 (52.191.194.105)' can't be established.
ECDSA key fingerprint is SHA256:iyGSpU1e5vJkYvC791uVQew1tG9aZZfDLIQi/u86Hjk.
Are you sure you want to continue connecting (yes/no)? yes
Warning: Permanently added '52.191.194.105' (ECDSA) to the list of known hosts.
replica@52.191.194.105's password:
tempdata.sql                                                                          100% 5529KB  24.1MB/s   00:00
production@production:~$ sudo mysql
Welcome to the MySQL monitor.  Commands end with ; or \g.
Your MySQL connection id is 5
Server version: 5.7.36-0ubuntu0.18.04.1-log (Ubuntu)

Copyright (c) 2000, 2021, Oracle and/or its affiliates.

Oracle is a registered trademark of Oracle Corporation and/or its
affiliates. Other names may be trademarks of their respective
owners.

Type 'help;' or '\h' for help. Type '\c' to clear the current input statement.

mysql> show master status;
+------------------+----------+--------------+------------------+-------------------+
| File             | Position | Binlog_Do_DB | Binlog_Ignore_DB | Executed_Gtid_Set |
+------------------+----------+--------------+------------------+-------------------+
| mysql-bin.000002 |      154 | tempdata     |                  |                   |
+------------------+----------+--------------+------------------+-------------------+
1 row in set (0.01 sec)

mysql> show databases;
+--------------------+
| Database           |
+--------------------+
| information_schema |
| dba                |
| mysql              |
| performance_schema |
| sys                |
| tempdata           |
+--------------------+
6 rows in set (0.00 sec)

mysql> use tempdata;
Reading table information for completion of table and column names
You can turn off this feature to get a quicker startup with -A

Database changed
mysql> CREATE TABLE IF NOT EXISTS h1n1 (med_id INT AUTO_INCREMENT PRIMARY KEY, med_name VARCHAR(255) NOT NULL, create at TIMESTAMP DEFAULT CURRENT_TIMESTAMP);
ERROR 1064 (42000): You have an error in your SQL syntax; check the manual that corresponds to your MySQL server version for the right syntax to use near 'create at TIMESTAMP DEFAULT CURRENT_TIMESTAMP)' at line 1
mysql> CREATE TABLE IF NOT EXISTS h1n1 (med_id INT AUTO_INCREMENT PRIMARY KEY, med_name VARCHAR(255) NOT NULL, created_at TIMESTAMP DEFAULT CURRENT_TIMESTAMP);
Query OK, 0 rows affected (0.22 sec)

mysql> insert into h1n1 (med_name) values ('prozax');
Query OK, 1 row affected (0.03 sec)

mysql> insert into h1n1 (med_name) values ('prozax');
Query OK, 1 row affected (0.03 sec)

mysql> insert into h1n1 (med_name) values ('lipitor');
Query OK, 1 row affected (0.03 sec)

mysql> insert into h1n1 (med_name) values ('heparin');
Query OK, 1 row affected (0.03 sec)

mysql> show tables;
+--------------------+
| Tables_in_tempdata |
+--------------------+
| flu_vaccines       |
| h1n1               |
+--------------------+
2 rows in set (0.00 sec)

mysql> select * from h1n1;
+--------+----------+---------------------+
| med_id | med_name | created_at          |
+--------+----------+---------------------+
|      1 | prozax   | 2021-12-16 23:18:11 |
|      2 | prozax   | 2021-12-16 23:18:44 |
|      3 | lipitor  | 2021-12-16 23:19:09 |
|      4 | heparin  | 2021-12-16 23:19:21 |
+--------+----------+---------------------+
4 rows in set (0.00 sec)

mysql> exit;
Bye
production@production:~$